Microchip MPLAB XC8 Compiler V2.40

Linker command line:

-W-3 \
  --edf=C:/Users/Sony/.mchp_packs/Microchip/PIC12-16F1xxx_DFP/1.8.254/xc8\pic\dat\20250327143623_en.msgs \
  -cn -h+dist/default/production\MOTION_DETECTION_PRO.X.production.sym \
  --cmf=dist/default/production\MOTION_DETECTION_PRO.X.production.cmf -z \
  -Q12F1572 -oC:\Users\Sony\AppData\Local\Temp\xcAs9rg.4 \
  --defsym=__MPLAB_BUILD=1 --fixupoverflow=error \
  -Mdist/default/production/MOTION_DETECTION_PRO.X.production.map \
  --md=C:\Users\Sony\AppData\Local\Temp\xcAs9rg.dat -E1 -ver=XC8 Compiler \
  --acfsm=1493 -ACODE=00h-07FFh -ASTRCODE=00h-07FFh -ASTRING=00h-0FFhx8 \
  -ACONST=00h-0FFhx8 -AENTRY=00h-0FFhx8 -ACOMMON=070h-07Fh \
  -ABANK0=020h-06Fh -ABANK1=0A0h-0EFh -ABANK2=0120h-016Fh \
  -ABIGRAM=02000h-020EFh -ARAM=020h-06Fh,0A0h-0EFh,0120h-016Fh \
  -AABS1=020h-07Fh,0A0h-0EFh,0120h-016Fh -ASFR0=00h-01Fh -ASFR1=080h-09Fh \
  -ASFR2=0100h-011Fh -ASFR3=0180h-01EFh -ASFR4=0200h-026Fh \
  -ASFR5=0280h-02EFh -ASFR6=0300h-036Fh -ASFR7=0380h-03EFh \
  -ASFR8=0400h-046Fh -ASFR9=0480h-04EFh -ASFR10=0500h-056Fh \
  -ASFR11=0580h-05EFh -ASFR12=0600h-066Fh -ASFR13=0680h-06EFh \
  -ASFR14=0700h-076Fh -ASFR15=0780h-07EFh -ASFR16=0800h-086Fh \
  -ASFR17=0880h-08EFh -ASFR18=0900h-096Fh -ASFR19=0980h-09EFh \
  -ASFR20=0A00h-0A6Fh -ASFR21=0A80h-0AEFh -ASFR22=0B00h-0B6Fh \
  -ASFR23=0B80h-0BEFh -ASFR24=0C00h-0C6Fh -ASFR25=0C80h-0CEFh \
  -ASFR26=0D00h-0D6Fh -ASFR27=0D80h-0DEFh -ASFR28=0E00h-0E6Fh \
  -ASFR29=0E80h-0EEFh -ASFR30=0F00h-0F6Fh -ASFR31=0F80h-0FEFh \
  -ACONFIG=08007h-08008h -DCONFIG=2 -AIDLOC=08000h-08003h -DIDLOC=2 \
  -DCODE=2 -DSTRCODE=2 -DSTRING=2 -DCONST=2 -DENTRY=2 \
  -preset_vec=00h,intentry=04h,init,end_init -ppowerup=CODE -pcinit=CODE \
  -pfunctab=ENTRY -k C:\Users\Sony\AppData\Local\Temp\xcAs9rg.o \
  dist/default/production\MOTION_DETECTION_PRO.X.production.o 

Object code version is 3.11

Machine type is 12F1572



                Name                               Link     Load   Length Selector   Space Scale
C:\Users\Sony\AppData\Local\Temp\xcAs9rg.o
                end_init                             13       13        1        8       0
                reset_vec                             0        0        1        0       0
                config                             8007     8007        2        0       4
                idloc                              8000     8000        4        0       5
dist/default/production\MOTION_DETECTION_PRO.X.production.o
                cinit                                14       14       1B        8       0
                intentry                              4        4        F        8       0
                config                             8007     8007        2        0       4
                idloc                              8000     8000        4        0       5
                text22                              262      262        B        8       0
                text20                              1E1      1E1       1A        8       0
                text19                              277      277        9        8       0
                text18                              2A0      2A0        6        8       0
                text17                              29A      29A        6        8       0
                text16                              294      294        6        8       0
                text15                              1BF      1BF       22        8       0
                text14                              287      287        7        8       0
                text13                              1FB      1FB       18        8       0
                text12                              28E      28E        6        8       0
                text11                              213      213       14        8       0
                text10                              2A6      2A6        4        8       0
                text9                               227      227       13        8       0
                text8                               26D      26D        A        8       0
                text7                               155      155       47        8       0
                text6                               23A      23A       10        8       0
                text5                               256      256        C        8       0
                text4                               24A      24A        C        8       0
                text3                               280      280        7        8       0
                text2                                E0       E0       75        8       0
                text1                               19C      19C       23        8       0
                maintext                             2F       2F       B1        8       0
                cstackBANK0                          20       20        F       20       1
                cstackCOMMON                         70       70        E       70       1
                dataBANK0                            44       44        3       20       1
                bssBANK0                             2F       2F        C       20       1
                nvBANK0                              3B       3B        9       20       1
                idataBANK0                          2AA      2AA        3        8       0

TOTAL           Name                               Link     Load   Length     Space
        CLASS   CODE           
                end_init                             13       13        1         0
                cinit                                14       14       1B         0
                intentry                              4        4        F         0
                reset_vec                             0        0        1         0
                text22                              262      262        B         0
                text20                              1E1      1E1       1A         0
                text19                              277      277        9         0
                text18                              2A0      2A0        6         0
                text17                              29A      29A        6         0
                text16                              294      294        6         0
                text15                              1BF      1BF       22         0
                text14                              287      287        7         0
                text13                              1FB      1FB       18         0
                text12                              28E      28E        6         0
                text11                              213      213       14         0
                text10                              2A6      2A6        4         0
                text9                               227      227       13         0
                text8                               26D      26D        A         0
                text7                               155      155       47         0
                text6                               23A      23A       10         0
                text5                               256      256        C         0
                text4                               24A      24A        C         0
                text3                               280      280        7         0
                text2                                E0       E0       75         0
                text1                               19C      19C       23         0
                maintext                             2F       2F       B1         0
                idataBANK0                          2AA      2AA        3         0

        CLASS   STRCODE        

        CLASS   STRING         

        CLASS   CONST          

        CLASS   ENTRY          

        CLASS   COMMON         
                cstackCOMMON                         70       70        E         1

        CLASS   BANK0          
                cstackBANK0                          20       20        F         1
                dataBANK0                            44       44        3         1
                bssBANK0                             2F       2F        C         1
                nvBANK0                              3B       3B        9         1

        CLASS   BANK1          

        CLASS   BANK2          

        CLASS   BIGRAM         

        CLASS   RAM            

        CLASS   ABS1           
                abs_s1                               7E       7E        2         1

        CLASS   SFR0           

        CLASS   SFR1           

        CLASS   SFR2           

        CLASS   SFR3           

        CLASS   SFR4           

        CLASS   SFR5           

        CLASS   SFR6           

        CLASS   SFR7           

        CLASS   SFR8           

        CLASS   SFR9           

        CLASS   SFR10          

        CLASS   SFR11          

        CLASS   SFR12          

        CLASS   SFR13          

        CLASS   SFR14          

        CLASS   SFR15          

        CLASS   SFR16          

        CLASS   SFR17          

        CLASS   SFR18          

        CLASS   SFR19          

        CLASS   SFR20          

        CLASS   SFR21          

        CLASS   SFR22          

        CLASS   SFR23          

        CLASS   SFR24          

        CLASS   SFR25          

        CLASS   SFR26          

        CLASS   SFR27          

        CLASS   SFR28          

        CLASS   SFR29          

        CLASS   SFR30          

        CLASS   SFR31          

        CLASS   CONFIG         
                config                             8007     8007        2         4

        CLASS   IDLOC          
                idloc                              8000     8000        4         5

        CLASS   BANK31         

        CLASS   BANK30         

        CLASS   BANK29         

        CLASS   BANK28         

        CLASS   BANK27         

        CLASS   BANK26         

        CLASS   BANK25         

        CLASS   BANK24         

        CLASS   BANK23         

        CLASS   BANK22         

        CLASS   BANK21         

        CLASS   BANK20         

        CLASS   BANK19         

        CLASS   BANK18         

        CLASS   BANK17         

        CLASS   BANK16         

        CLASS   BANK15         

        CLASS   BANK14         

        CLASS   BANK13         

        CLASS   BANK12         

        CLASS   BANK11         

        CLASS   BANK10         

        CLASS   BANK9          

        CLASS   BANK8          

        CLASS   BANK7          

        CLASS   BANK6          

        CLASS   BANK5          

        CLASS   BANK4          

        CLASS   BANK3          

        CLASS   HEAP           

        CLASS   STACK          

        CLASS   EEDATA         



SEGMENTS        Name                           Load    Length   Top    Selector   Space  Class     Delta

                reset_vec                      000000  000001  000001         0       0  CODE        2
                intentry                       000004  0002A9  0002AD         8       0  CODE        2
                cstackBANK0                    000020  000027  000047        20       1  BANK0       1
                cstackCOMMON                   000070  00000E  00007E        70       1  COMMON      1


UNUSED ADDRESS RANGES

        Name                Unused          Largest block    Delta
        BANK0            00047-0006F              29           1
        BANK1            000A0-000EF              50           1
        BANK2            00120-0016F              50           1
        BIGRAM           02000-020EF              F0           1
        CODE             00001-00003               3           2
                         002AD-007FF             553
        CONST            00001-00003               3           2
                         002AD-007FF             100
        ENTRY            00001-00003               3           2
                         002AD-007FF             100
        RAM              00047-0006F              29           1
                         000A0-000EF              50
                         00120-0016F              50
        SFR0             00000-0001F              20           1
        SFR1             00080-0009F              20           1
        SFR10            00500-0056F              70           1
        SFR11            00580-005EF              70           1
        SFR12            00600-0066F              70           1
        SFR13            00680-006EF              70           1
        SFR14            00700-0076F              70           1
        SFR15            00780-007EF              70           1
        SFR16            00800-0086F              70           1
        SFR17            00880-008EF              70           1
        SFR18            00900-0096F              70           1
        SFR19            00980-009EF              70           1
        SFR2             00100-0011F              20           1
        SFR20            00A00-00A6F              70           1
        SFR21            00A80-00AEF              70           1
        SFR22            00B00-00B6F              70           1
        SFR23            00B80-00BEF              70           1
        SFR24            00C00-00C6F              70           1
        SFR25            00C80-00CEF              70           1
        SFR26            00D00-00D6F              70           1
        SFR27            00D80-00DEF              70           1
        SFR28            00E00-00E6F              70           1
        SFR29            00E80-00EEF              70           1
        SFR3             00180-001EF              70           1
        SFR30            00F00-00F6F              70           1
        SFR31            00F80-00FEF              70           1
        SFR4             00200-0026F              70           1
        SFR5             00280-002EF              70           1
        SFR6             00300-0036F              70           1
        SFR7             00380-003EF              70           1
        SFR8             00400-0046F              70           1
        SFR9             00480-004EF              70           1
        STRCODE          00001-00003               3           2
                         002AD-007FF             553
        STRING           00001-00003               3           2
                         002AD-007FF             100

                                  Symbol Table

?_ADC1_GetConversion                           cstackCOMMON 00070
?_ReadWrite_HEFlash                            cstackCOMMON 00072
?_get_TIMER0Status                             cstackCOMMON 00070
ADC1_GetConversion@channel                     cstackCOMMON 00073
EUSART_SetErrorHandler@interruptHandler        cstackCOMMON 00070
EUSART_SetFramingErrorHandler@interruptHandler cstackCOMMON 00070
EUSART_SetOverrunErrorHandler@interruptHandler cstackCOMMON 00070
ReadWrite_HEFlash@addr                         cstackCOMMON 00077
ReadWrite_HEFlash@cnt                          cstackCOMMON 0007A
ReadWrite_HEFlash@data                         cstackCOMMON 00072
ReadWrite_HEFlash@rowstartaddr                 cstackCOMMON 00073
ReadWrite_HEFlash@rw                           cstackCOMMON 00079
Read_FLASH@address                             cstackCOMMON 00070
SoftDelay_IsOneMinuteOver@currentCount         cstackBANK0  00020
SoftDelay_IsOneMinuteOver@startCount           cstackBANK0  00024
SoftDelay_Start@startTime                      cstackCOMMON 00074
TMR0_SetInterruptHandler@InterruptHandler      cstackCOMMON 00070
_ADC1_GetConversion                            text20       001E1
_ADC1_Initialize                               text19       00277
_ADCON0                                        (abs)        0009D
_ADCON0bits                                    (abs)        0009D
_ADCON1                                        (abs)        0009E
_ADCON2                                        (abs)        0009F
_ADRESH                                        (abs)        0009C
_ADRESL                                        (abs)        0009B
_ANSELA                                        (abs)        0018C
_APFCON                                        (abs)        0011D
_BAUDCON                                       (abs)        0019F
_BORCON                                        (abs)        00116
_EUSART_DefaultErrorHandler                    (abs)        00000
_EUSART_DefaultFramingErrorHandler             (abs)        00000
_EUSART_DefaultOverrunErrorHandler             (abs)        00000
_EUSART_ErrorHandler                           nvBANK0      0003B
_EUSART_FramingErrorHandler                    nvBANK0      0003F
_EUSART_Initialize                             text15       001BF
_EUSART_OverrunErrorHandler                    nvBANK0      0003D
_EUSART_SetErrorHandler                        text18       002A0
_EUSART_SetFramingErrorHandler                 text17       0029A
_EUSART_SetOverrunErrorHandler                 text16       00294
_GIE                                           (abs)        0005F
_INLVLA                                        (abs)        0038C
_INTCON                                        (abs)        0000B
_INTCONbits                                    (abs)        0000B
_INTERRUPT_InterruptManager                    intentry     00004
_LATA                                          (abs)        0010C
_LATAbits                                      (abs)        0010C
_ODCONA                                        (abs)        0028C
_OPTION_REG                                    (abs)        00095
_OPTION_REGbits                                (abs)        00095
_OSCCON                                        (abs)        00099
_OSCILLATOR_Initialize                         text14       00287
_OSCTUNE                                       (abs)        00098
_PIN_MANAGER_Initialize                        text13       001FB
_PIR1bits                                      (abs)        00011
_PMADR                                         (abs)        00191
_PMCON1                                        (abs)        00195
_PMCON2                                        (abs)        00196
_PMDAT                                         (abs)        00193
_PMDATH                                        (abs)        00194
_RCREG                                         (abs)        00199
_RCSTA                                         (abs)        0019D
_RCSTAbits                                     (abs)        0019D
_RD                                            (abs)        00CA8
_ReadWrite_HEFlash                             text2        000E0
_Read_FLASH                                    text5        00256
_SLRCONA                                       (abs)        0030C
_SPBRGH                                        (abs)        0019C
_SPBRGL                                        (abs)        0019B
_SYSTEM_Initialize                             text9        00227
_SaveInt                                       bssBANK0     00039
_SoftDelay_IsOneMinuteOver                     text7        00155
_SoftDelay_Start                               text6        0023A
_TMR0                                          (abs)        00015
_TMR0_DefaultInterruptHandler                  (abs)        00000
_TMR0_ISR                                      text22       00262
_TMR0_Initialize                               text11       00213
_TMR0_InterruptHandler                         nvBANK0      00041
_TMR0_SetInterruptHandler                      text12       0028E
_TRISA                                         (abs)        0008C
_TRISAbits                                     (abs)        0008C
_TXREG                                         (abs)        0019A
_TXSTA                                         (abs)        0019E
_TXSTAbits                                     (abs)        0019E
_Unlock_FLASH                                  text4        0024A
_WDTCON                                        (abs)        00097
_WDT_Initialize                                text10       002A6
_WPUA                                          (abs)        0020C
_WR                                            (abs)        00CA9
_WREN                                          (abs)        00CAA
_Write_FLASH                                   text3        00280
__Habs1                                        abs1         00000
__Hbank0                                       bank0        00000
__Hbank1                                       bank1        00000
__Hbank10                                      bank10       00000
__Hbank11                                      bank11       00000
__Hbank12                                      bank12       00000
__Hbank13                                      bank13       00000
__Hbank14                                      bank14       00000
__Hbank15                                      bank15       00000
__Hbank16                                      bank16       00000
__Hbank17                                      bank17       00000
__Hbank18                                      bank18       00000
__Hbank19                                      bank19       00000
__Hbank2                                       bank2        00000
__Hbank20                                      bank20       00000
__Hbank21                                      bank21       00000
__Hbank22                                      bank22       00000
__Hbank23                                      bank23       00000
__Hbank24                                      bank24       00000
__Hbank25                                      bank25       00000
__Hbank26                                      bank26       00000
__Hbank27                                      bank27       00000
__Hbank28                                      bank28       00000
__Hbank29                                      bank29       00000
__Hbank3                                       bank3        00000
__Hbank30                                      bank30       00000
__Hbank31                                      bank31       00000
__Hbank4                                       bank4        00000
__Hbank5                                       bank5        00000
__Hbank6                                       bank6        00000
__Hbank7                                       bank7        00000
__Hbank8                                       bank8        00000
__Hbank9                                       bank9        00000
__Hbigram                                      bigram       00000
__HbssBANK0                                    bssBANK0     00000
__Hcinit                                       cinit        0002F
__Hclrtext                                     clrtext      00000
__Hcode                                        code         00000
__Hcommon                                      common       00000
__Hconfig                                      config       08009
__HcstackBANK0                                 cstackBANK0  00000
__HcstackCOMMON                                cstackCOMMON 00000
__HdataBANK0                                   dataBANK0    00000
__Heeprom_data                                 eeprom_data  00000
__Hend_init                                    end_init     00014
__Hfunctab                                     functab      00000
__Hheap                                        heap         00000
__HidataBANK0                                  idataBANK0   00000
__Hidloc                                       idloc        08004
__Hinit                                        init         00013
__Hintentry                                    intentry     00013
__Hmaintext                                    maintext     00000
__HnvBANK0                                     nvBANK0      00000
__Hpowerup                                     powerup      00000
__Hram                                         ram          00000
__Hreset_vec                                   reset_vec    00001
__Hsfr0                                        sfr0         00000
__Hsfr1                                        sfr1         00000
__Hsfr10                                       sfr10        00000
__Hsfr11                                       sfr11        00000
__Hsfr12                                       sfr12        00000
__Hsfr13                                       sfr13        00000
__Hsfr14                                       sfr14        00000
__Hsfr15                                       sfr15        00000
__Hsfr16                                       sfr16        00000
__Hsfr17                                       sfr17        00000
__Hsfr18                                       sfr18        00000
__Hsfr19                                       sfr19        00000
__Hsfr2                                        sfr2         00000
__Hsfr20                                       sfr20        00000
__Hsfr21                                       sfr21        00000
__Hsfr22                                       sfr22        00000
__Hsfr23                                       sfr23        00000
__Hsfr24                                       sfr24        00000
__Hsfr25                                       sfr25        00000
__Hsfr26                                       sfr26        00000
__Hsfr27                                       sfr27        00000
__Hsfr28                                       sfr28        00000
__Hsfr29                                       sfr29        00000
__Hsfr3                                        sfr3         00000
__Hsfr30                                       sfr30        00000
__Hsfr31                                       sfr31        00000
__Hsfr4                                        sfr4         00000
__Hsfr5                                        sfr5         00000
__Hsfr6                                        sfr6         00000
__Hsfr7                                        sfr7         00000
__Hsfr8                                        sfr8         00000
__Hsfr9                                        sfr9         00000
__Hspace_0                                     (abs)        002AD
__Hspace_1                                     (abs)        0007E
__Hspace_2                                     (abs)        00000
__Hspace_3                                     (abs)        00000
__Hspace_4                                     (abs)        10010
__Hstack                                       stack        00000
__Hstrings                                     strings      00000
__Htext                                        text         00000
__Labs1                                        abs1         00000
__Lbank0                                       bank0        00000
__Lbank1                                       bank1        00000
__Lbank10                                      bank10       00000
__Lbank11                                      bank11       00000
__Lbank12                                      bank12       00000
__Lbank13                                      bank13       00000
__Lbank14                                      bank14       00000
__Lbank15                                      bank15       00000
__Lbank16                                      bank16       00000
__Lbank17                                      bank17       00000
__Lbank18                                      bank18       00000
__Lbank19                                      bank19       00000
__Lbank2                                       bank2        00000
__Lbank20                                      bank20       00000
__Lbank21                                      bank21       00000
__Lbank22                                      bank22       00000
__Lbank23                                      bank23       00000
__Lbank24                                      bank24       00000
__Lbank25                                      bank25       00000
__Lbank26                                      bank26       00000
__Lbank27                                      bank27       00000
__Lbank28                                      bank28       00000
__Lbank29                                      bank29       00000
__Lbank3                                       bank3        00000
__Lbank30                                      bank30       00000
__Lbank31                                      bank31       00000
__Lbank4                                       bank4        00000
__Lbank5                                       bank5        00000
__Lbank6                                       bank6        00000
__Lbank7                                       bank7        00000
__Lbank8                                       bank8        00000
__Lbank9                                       bank9        00000
__Lbigram                                      bigram       00000
__LbssBANK0                                    bssBANK0     00000
__Lcinit                                       cinit        00014
__Lclrtext                                     clrtext      00000
__Lcode                                        code         00000
__Lcommon                                      common       00000
__Lconfig                                      config       00000
__LcstackBANK0                                 cstackBANK0  00000
__LcstackCOMMON                                cstackCOMMON 00000
__LdataBANK0                                   dataBANK0    00000
__Leeprom_data                                 eeprom_data  00000
__Lend_init                                    end_init     00013
__Lfunctab                                     functab      00000
__Lheap                                        heap         00000
__LidataBANK0                                  idataBANK0   00000
__Lidloc                                       idloc        00000
__Linit                                        init         00013
__Lintentry                                    intentry     00004
__Lmaintext                                    maintext     00000
__LnvBANK0                                     nvBANK0      00000
__Lpowerup                                     powerup      00000
__Lram                                         ram          00000
__Lreset_vec                                   reset_vec    00000
__Lsfr0                                        sfr0         00000
__Lsfr1                                        sfr1         00000
__Lsfr10                                       sfr10        00000
__Lsfr11                                       sfr11        00000
__Lsfr12                                       sfr12        00000
__Lsfr13                                       sfr13        00000
__Lsfr14                                       sfr14        00000
__Lsfr15                                       sfr15        00000
__Lsfr16                                       sfr16        00000
__Lsfr17                                       sfr17        00000
__Lsfr18                                       sfr18        00000
__Lsfr19                                       sfr19        00000
__Lsfr2                                        sfr2         00000
__Lsfr20                                       sfr20        00000
__Lsfr21                                       sfr21        00000
__Lsfr22                                       sfr22        00000
__Lsfr23                                       sfr23        00000
__Lsfr24                                       sfr24        00000
__Lsfr25                                       sfr25        00000
__Lsfr26                                       sfr26        00000
__Lsfr27                                       sfr27        00000
__Lsfr28                                       sfr28        00000
__Lsfr29                                       sfr29        00000
__Lsfr3                                        sfr3         00000
__Lsfr30                                       sfr30        00000
__Lsfr31                                       sfr31        00000
__Lsfr4                                        sfr4         00000
__Lsfr5                                        sfr5         00000
__Lsfr6                                        sfr6         00000
__Lsfr7                                        sfr7         00000
__Lsfr8                                        sfr8         00000
__Lsfr9                                        sfr9         00000
__Lspace_0                                     (abs)        00000
__Lspace_1                                     (abs)        00000
__Lspace_2                                     (abs)        00000
__Lspace_3                                     (abs)        00000
__Lspace_4                                     (abs)        00000
__Lstack                                       stack        00000
__Lstrings                                     strings      00000
__Ltext                                        text         00000
__S0                                           (abs)        002AD
__S1                                           (abs)        0007E
___heap_hi                                     (abs)        00000
___heap_lo                                     (abs)        00000
___int_sp                                      stack        00000
___latbits                                     (abs)        00000
___sp                                          stack        00000
___stackhi                                     (abs)        00000
___stacklo                                     (abs)        00000
__end_of_ADC1_GetConversion                    text20       001FB
__end_of_ADC1_Initialize                       text19       00280
__end_of_EUSART_Initialize                     text15       001E1
__end_of_EUSART_SetErrorHandler                text18       002A6
__end_of_EUSART_SetFramingErrorHandler         text17       002A0
__end_of_EUSART_SetOverrunErrorHandler         text16       0029A
__end_of_INTERRUPT_InterruptManager            intentry     00013
__end_of_OSCILLATOR_Initialize                 text14       0028E
__end_of_PIN_MANAGER_Initialize                text13       00213
__end_of_ReadWrite_HEFlash                     text2        00155
__end_of_Read_FLASH                            text5        00262
__end_of_SYSTEM_Initialize                     text9        0023A
__end_of_SoftDelay_IsOneMinuteOver             text7        0019C
__end_of_SoftDelay_Start                       text6        0024A
__end_of_TMR0_ISR                              text22       0026D
__end_of_TMR0_Initialize                       text11       00227
__end_of_TMR0_SetInterruptHandler              text12       00294
__end_of_Unlock_FLASH                          text4        00256
__end_of_WDT_Initialize                        text10       002AA
__end_of_Write_FLASH                           text3        00287
__end_of__initialization                       cinit        0002C
__end_of_get_TIMER0Status                      text8        00277
__end_of_main                                  maintext     000E0
__end_of_old_light_status                      text1        001BF
__initialization                               cinit        00014
__pbssBANK0                                    bssBANK0     0002F
__pcstackBANK0                                 cstackBANK0  00020
__pcstackCOMMON                                cstackCOMMON 00070
__pdataBANK0                                   dataBANK0    00044
__pidataBANK0                                  idataBANK0   002AA
__pintentry                                    intentry     00004
__pmaintext                                    maintext     0002F
__pnvBANK0                                     nvBANK0      0003B
__ptext1                                       text1        0019C
__ptext10                                      text10       002A6
__ptext11                                      text11       00213
__ptext12                                      text12       0028E
__ptext13                                      text13       001FB
__ptext14                                      text14       00287
__ptext15                                      text15       001BF
__ptext16                                      text16       00294
__ptext17                                      text17       0029A
__ptext18                                      text18       002A0
__ptext19                                      text19       00277
__ptext2                                       text2        000E0
__ptext20                                      text20       001E1
__ptext22                                      text22       00262
__ptext3                                       text3        00280
__ptext4                                       text4        0024A
__ptext5                                       text5        00256
__ptext6                                       text6        0023A
__ptext7                                       text7        00155
__ptext8                                       text8        0026D
__ptext9                                       text9        00227
_eusartRxLastError                             bssBANK0     0003A
_g_timer0OverflowCount                         bssBANK0     00033
_get_TIMER0Status                              text8        0026D
_last_saved_status                             dataBANK0    00046
_main                                          maintext     0002F
_old_light_status                              text1        0019C
_timer0ReloadVal                               nvBANK0      00043
btemp                                          (abs)        0007E
end_of_initialization                          cinit        0002C
int$flags                                      (abs)        0007E
intlevel0                                      functab      00000
intlevel1                                      functab      00000
intlevel2                                      functab      00000
intlevel3                                      functab      00000
intlevel4                                      functab      00000
intlevel5                                      functab      00000
main@V_LightStatus                             cstackBANK0  0002E
main@ldr1                                      cstackBANK0  00026
main@ldr2                                      cstackBANK0  00028
main@myTimer                                   cstackBANK0  0002A
old_light_status@V_light_status_on             cstackCOMMON 0007D
reset_vec                                      reset_vec    00000
start                                          init         00013
start_initialization                           cinit        00014
wtemp0                                         (abs)        0007E


MODULE INFORMATION

Module		Function		Class		Link	Load	Size
Softdelay.c
		_SoftDelay_Start		CODE           	023A	0000	16
		_get_TIMER0Status		CODE           	026D	0000	10
		_SoftDelay_IsOneMinuteOver		CODE           	0155	0000	71

Softdelay.c estimated size: 97

mcc_generated_files/interrupt_manager.c
		_INTERRUPT_InterruptManager		CODE           	0004	0000	15

mcc_generated_files/interrupt_manager.c estimated size: 15

mcc_generated_files/adc1.c
		_ADC1_Initialize		CODE           	0277	0000	9
		_ADC1_GetConversion		CODE           	01E1	0000	26

mcc_generated_files/adc1.c estimated size: 35

mcc_generated_files/tmr0.c
		_TMR0_SetInterruptHandler		CODE           	028E	0000	6
		_TMR0_ISR      		CODE           	0262	0000	11
		_TMR0_Initialize		CODE           	0213	0000	20

mcc_generated_files/tmr0.c estimated size: 37

PIC12_HEFlash.c
		_Write_FLASH   		CODE           	0280	0000	7
		_ReadWrite_HEFlash		CODE           	00E0	0000	117
		_Read_FLASH    		CODE           	0256	0000	12
		_Unlock_FLASH  		CODE           	024A	0000	12
		_old_light_status		CODE           	019C	0000	35

PIC12_HEFlash.c estimated size: 183

mcc_generated_files/pin_manager.c
		_PIN_MANAGER_Initialize		CODE           	01FB	0000	24

mcc_generated_files/pin_manager.c estimated size: 24

shared
		__initialization		CODE           	0014	0000	24

shared estimated size: 24

mcc_generated_files/mcc.c
		_WDT_Initialize		CODE           	02A6	0000	4
		_OSCILLATOR_Initialize		CODE           	0287	0000	7
		_SYSTEM_Initialize		CODE           	0227	0000	19

mcc_generated_files/mcc.c estimated size: 30

mcc_generated_files/eusart.c
		_EUSART_Initialize		CODE           	01BF	0000	34
		_EUSART_SetFramingErrorHandler		CODE           	029A	0000	6
		_EUSART_SetErrorHandler		CODE           	02A0	0000	6
		_EUSART_SetOverrunErrorHandler		CODE           	0294	0000	6

mcc_generated_files/eusart.c estimated size: 52

main.c
		_main          		CODE           	002F	0000	177

main.c estimated size: 177

